============================= test session starts =============================
platform win32 -- Python 3.14.5, pytest-9.0.3, pluggy-1.6.0 -- C:\Users\VANSHIKA\AppData\Local\Python\pythoncore-3.14-64\python.exe
cachedir: .pytest_cache
rootdir: C:\Users\VANSHIKA\interior-design-agent-apm
plugins: anyio-4.13.0
collecting ... collected 14 items

tests/test_planner.py::test_happy_path_selects_functional_items PASSED   [  7%]
tests/test_planner.py::test_low_budget_scenario_returns_budget_compliant_plan PASSED [ 14%]
tests/test_planner.py::test_must_have_priority_is_respected PASSED       [ 21%]
tests/test_planner.py::test_optional_additions_are_separated_from_main_boq PASSED [ 28%]
tests/test_planner.py::test_layout_validation_integration PASSED         [ 35%]
tests/test_planner.py::test_single_replan_is_triggered_when_required FAILED [ 42%]
tests/test_planner.py::test_replan_never_exceeds_one_cycle PASSED        [ 50%]
tests/test_planner.py::test_budget_compliance_for_selected_items PASSED  [ 57%]
tests/test_planner.py::test_catalog_room_and_style_compatibility PASSED  [ 64%]
tests/test_planner.py::test_reading_corner_priority_boost PASSED         [ 71%]
tests/test_planner.py::test_work_from_home_priority_boost PASSED         [ 78%]
tests/test_planner.py::test_rejected_item_tracking_for_unavailable_must_haves FAILED [ 85%]
tests/test_planner.py::test_transparency_fields_are_populated PASSED     [ 92%]
tests/test_planner.py::test_execution_metrics_are_included PASSED        [100%]

================================== FAILURES ===================================
E   assert False
     +  where False = any(<generator object test_single_replan_is_triggered_when_required.<locals>.<genexpr> at 0x0000020D3717F920>)
C:\Users\VANSHIKA\interior-design-agent-apm\tests\test_planner.py:142: assert False
E   assert False
     +  where False = any(<generator object test_rejected_item_tracking_for_unavailable_must_haves.<locals>.<genexpr> at 0x0000020D3717F6B0>)
C:\Users\VANSHIKA\interior-design-agent-apm\tests\test_planner.py:257: assert False
=========================== short test summary info ===========================
FAILED tests/test_planner.py::test_single_replan_is_triggered_when_required
FAILED tests/test_planner.py::test_rejected_item_tracking_for_unavailable_must_haves
======================== 2 failed, 12 passed in 0.20s =========================
